{"charts":[{"id":"8ce0f580-4d6d-429e-9d0e-a78eb99f62c2","workspace_integration_id":"8ce0f580-4d6d-429e-9d0e-a78eb99f62c2","workspace_id":"8ce0f580-4d6d-429e-9d0e-a78eb99f62c2","reference":"CHART_123","user_facing_name":"Test Chart","internal_name":"mercury_account","metadata":{},"created_at":"0001-01-01T00:00:00Z","updated_at":"0001-01-01T00:00:00Z"}],"message":"dashboards fetched"}
