{"deck":{"reference":"deck_test","workspace_id":"81b42fc5-bf00-4c0c-896a-446d39bad831","title":"Test Deck","short_link":"test-deck","object_link":"https://test-deck-bucket.s3.amazonaws.com/test-key","created_at":"0001-01-01T00:00:00Z","updated_at":"0001-01-01T00:00:00Z"},"message":"fetched deck details"}
